No custom config found at repomix.config.ts, repomix.config.mts, repomix.config.cts, repomix.config.js, repomix.config.mjs, repomix.config.cjs, repomix.config.json5, repomix.config.jsonc, repomix.config.json or global config at /home/ozy/.config/repomix/repomix.config.ts, /home/ozy/.config/repomix/repomix.config.mts, /home/ozy/.config/repomix/repomix.config.cts, /home/ozy/.config/repomix/repomix.config.js, /home/ozy/.config/repomix/repomix.config.mjs, /home/ozy/.config/repomix/repomix.config.cjs, /home/ozy/.config/repomix/repomix.config.json5, /home/ozy/.config/repomix/repomix.config.jsonc, /home/ozy/.config/repomix/repomix.config.json.
You can add a config file for additional settings. Please check https://github.com/yamadashy/repomix for more information.
⠙ Running security check...
[2K[1A[2K[G⠹ Writing output file...
[2K[1A[2K[G⠸ Calculating metrics...
[2K[1A[2K[G✔ Packing completed successfully!

📈 Top 5 Files by Token Count:
──────────────────────────────
1.  Makefile (43 tokens, 195 chars, 9.7%)

🔎 Security Check:
──────────────────
✔ No suspicious files detected.


📊 Pack Summary:
────────────────
  Total Files: 1 files
 Total Tokens: 445 tokens
  Total Chars: 2,119 chars
       Output: /home/ozy/tmp/agents-repo-map-agentic_start_folder-0vrivwus/map-output/extra/bootstrap/snapshot.xml
     Security: ✔ No suspicious files detected

🎉 All Done!
Your repository has been successfully packed.

💡 Repomix is now available in your browser! Try it at https://repomix.com
