               
               
┌─────────────┐
│ Scan Status │
└─────────────┘
  Scanning 593 files tracked by git with 11 Code rules:
                                                                                                                        
  Language   Rules   Files          Origin   Rules                                                                      
 ──────────────────────────        ────────────────                                                                     
  js             8      36          Custom      11                                                                      
  python         3      32                                                                                              
  ts             8       4                                                                                              
                                                                                                                        
                
                
┌──────────────┐
│ Scan Summary │
└──────────────┘
✅ Scan completed successfully.
 • Findings: 28 (28 blocking)
 • Rules run: 11
 • Targets scanned: 72
 • Parsed lines: ~100.0%
 • Scan skipped: 
   ◦ Matching --exclude patterns: 2
 • For a detailed list of skipped files and lines, run semgrep with the --verbose flag
Ran 11 rules on 72 files: 28 findings.

A new version of Semgrep is available. See https://semgrep.dev/docs/upgrading

📢 Too many findings? Try Semgrep Pro for more powerful queries and less noise.
   See https://sg.run/false-positives.
